[31;1mPython [0m
